{"message":"an error occurred while ingesting request"}
