{"message":"an error occurred while ingesting HTTP request"}
