{"message":"please provide your ssh fingerprint"}
