{"url":{"identifier":"cmu6domg330ksjspot40","human_readable_endpoint":"/cmu6domg330ksjspot40"},"sse":{"channel":"messages.cmu6domg330ksjspot40"},"message":"created url endpoint"}
