{"message":"an error occurred while storing your ssh fingerprint"}
