{"message":"an error occurred while generating endpoint"}
